------------------------------------------------------------
TimeQuest Timing Analyzer Summary
------------------------------------------------------------

Type  : Slow Model Setup 'Clk'
Slack : -3.513
TNS   : -76.783

Type  : Slow Model Setup 'divisor:div|clk_state'
Slack : -3.314
TNS   : -130.990

Type  : Slow Model Hold 'Clk'
Slack : -2.693
TNS   : -2.693

Type  : Slow Model Hold 'divisor:div|clk_state'
Slack : 0.629
TNS   : 0.000

Type  : Slow Model Minimum Pulse Width 'Clk'
Slack : -1.631
TNS   : -30.959

Type  : Slow Model Minimum Pulse Width 'divisor:div|clk_state'
Slack : -0.611
TNS   : -75.764

Type  : Fast Model Setup 'divisor:div|clk_state'
Slack : -0.812
TNS   : -19.686

Type  : Fast Model Setup 'Clk'
Slack : -0.741
TNS   : -15.010

Type  : Fast Model Hold 'Clk'
Slack : -1.724
TNS   : -1.724

Type  : Fast Model Hold 'divisor:div|clk_state'
Slack : 0.243
TNS   : 0.000

Type  : Fast Model Minimum Pulse Width 'Clk'
Slack : -1.380
TNS   : -25.380

Type  : Fast Model Minimum Pulse Width 'divisor:div|clk_state'
Slack : -0.500
TNS   : -62.000

------------------------------------------------------------
